=/pretest.json
{
  _: [],
  f: [
    '/home/runner/work/exp-stamping-processes-dei/exp-stamping-processes-dei/experiment/pretest.json'
  ],
  files: [
    '/home/runner/work/exp-stamping-processes-dei/exp-stamping-processes-dei/experiment/pretest.json'
  ],
  c: 'assessment',
  contentTypes: 'assessment',
  'content-types': 'assessment',
  '$0': 'validate'
}
/questions/0: must NOT have additional properties

/questions/1: must NOT have additional properties

/questions/2: must NOT have additional properties

/questions/3: must NOT have additional properties

/questions/4: must NOT have additional properties

Json Error: must match "then" schema
Json Error: must match "then" schema
Failed while validating /home/runner/work/exp-stamping-processes-dei/exp-stamping-processes-dei/experiment/pretest.json
Error: Schema is Invalid
=/posttest.json
{
  _: [],
  f: [
    '/home/runner/work/exp-stamping-processes-dei/exp-stamping-processes-dei/experiment/posttest.json'
  ],
  files: [
    '/home/runner/work/exp-stamping-processes-dei/exp-stamping-processes-dei/experiment/posttest.json'
  ],
  c: 'assessment',
  contentTypes: 'assessment',
  'content-types': 'assessment',
  '$0': 'validate'
}
Validated true
